the customer's competitive advantage.
Our highest priority is to satisfy the client
through early and continuous delivery
of valuable software.


Welcome changing requirements, even late in
development. Agile processes harness change for
the client's competitive advantage.
